Archive member included to satisfy reference by file (symbol)

c:/program files/microchip/xc8/v2.32/avr/bin/../lib/gcc/avr/5.4.0/avrxmega4/memx-const\libgcc.a(_exit.o)
                              C:/Program Files/Microchip/xc8/v2.32/dfp/xc8/avr/lib/avrxmega4/memx-const/crtavr128da48.o (exit)
c:/program files/microchip/xc8/v2.32/avr/bin/../lib/gcc/avr/5.4.0/avrxmega4/memx-const\libgcc.a(_copy_data.o)
                              build/default/debug/mcc_generated_files/src/spi0.o (__do_copy_data)

Allocating common symbols
Common symbol       size              file

tar                 0x1               build/default/debug/main.o
var                 0x1               build/default/debug/main.o

Discarded input sections

 .data          0x0000000000000000        0x0 C:/Program Files/Microchip/xc8/v2.32/dfp/xc8/avr/lib/avrxmega4/memx-const/crtavr128da48.o
 .bss           0x0000000000000000        0x0 C:/Program Files/Microchip/xc8/v2.32/dfp/xc8/avr/lib/avrxmega4/memx-const/crtavr128da48.o
 .text          0x0000000000000000        0x0 build/default/debug/mcc_generated_files/src/spi0.o
 .data          0x0000000000000000        0x0 build/default/debug/mcc_generated_files/src/spi0.o
 .bss           0x0000000000000000        0x0 build/default/debug/mcc_generated_files/src/spi0.o
 .text.SPI0_Enable
                0x0000000000000000        0xc build/default/debug/mcc_generated_files/src/spi0.o
 .text.SPI0_Disable
                0x0000000000000000        0xc build/default/debug/mcc_generated_files/src/spi0.o
 .text.SPI0_Open
                0x0000000000000000       0x1e build/default/debug/mcc_generated_files/src/spi0.o
 .text.SPI0_OpenConfiguration
                0x0000000000000000       0x16 build/default/debug/mcc_generated_files/src/spi0.o
 .text.SPI0_Close
                0x0000000000000000        0x6 build/default/debug/mcc_generated_files/src/spi0.o
 .text.SPI0_ExchangeByte
                0x0000000000000000       0x14 build/default/debug/mcc_generated_files/src/spi0.o
 .text.SPI0_Selected
                0x0000000000000000        0x4 build/default/debug/mcc_generated_files/src/spi0.o
 .text.SPI0_GetRxData
                0x0000000000000000        0x6 build/default/debug/mcc_generated_files/src/spi0.o
 .text.SPI0_WriteTxData
                0x0000000000000000        0x6 build/default/debug/mcc_generated_files/src/spi0.o
 .text.SPI0_WaitDataready
                0x0000000000000000        0xc build/default/debug/mcc_generated_files/src/spi0.o
 .text.SPI0_ExchangeBlock
                0x0000000000000000       0x26 build/default/debug/mcc_generated_files/src/spi0.o
 .text.SPI0_WriteBlock
                0x0000000000000000       0x24 build/default/debug/mcc_generated_files/src/spi0.o
 .text.SPI0_ReadBlock
                0x0000000000000000       0x24 build/default/debug/mcc_generated_files/src/spi0.o
 .text.SPI0_WriteByte
                0x0000000000000000        0x6 build/default/debug/mcc_generated_files/src/spi0.o
 .text.SPI0_ReadByte
                0x0000000000000000        0x6 build/default/debug/mcc_generated_files/src/spi0.o
 .data.spi0_configurations
                0x0000000000000000        0x2 build/default/debug/mcc_generated_files/src/spi0.o
 .text          0x0000000000000000        0x0 build/default/debug/mcc_generated_files/src/cpuint.o
 .data          0x0000000000000000        0x0 build/default/debug/mcc_generated_files/src/cpuint.o
 .bss           0x0000000000000000        0x0 build/default/debug/mcc_generated_files/src/cpuint.o
 .text          0x0000000000000000        0x0 build/default/debug/mcc_generated_files/src/protected_io.o
 .data          0x0000000000000000        0x0 build/default/debug/mcc_generated_files/src/protected_io.o
 .bss           0x0000000000000000        0x0 build/default/debug/mcc_generated_files/src/protected_io.o
 .text          0x0000000000000000        0x0 build/default/debug/mcc_generated_files/src/pin_manager.o
 .data          0x0000000000000000        0x0 build/default/debug/mcc_generated_files/src/pin_manager.o
 .bss           0x0000000000000000        0x0 build/default/debug/mcc_generated_files/src/pin_manager.o
 .text.PORTC_OE_DefaultInterruptHandler
                0x0000000000000000        0x2 build/default/debug/mcc_generated_files/src/pin_manager.o
 .text.PORTA_PA4_DefaultInterruptHandler
                0x0000000000000000        0x2 build/default/debug/mcc_generated_files/src/pin_manager.o
 .text.PORTC_IO_PC6_DefaultInterruptHandler
                0x0000000000000000        0x2 build/default/debug/mcc_generated_files/src/pin_manager.o
 .text.PORTC_LE_DefaultInterruptHandler
                0x0000000000000000        0x2 build/default/debug/mcc_generated_files/src/pin_manager.o
 .text.PORTA_PA6_DefaultInterruptHandler
                0x0000000000000000        0x2 build/default/debug/mcc_generated_files/src/pin_manager.o
 .text.PORTA_PA5_DefaultInterruptHandler
                0x0000000000000000        0x2 build/default/debug/mcc_generated_files/src/pin_manager.o
 .text.PORTA_SS_DefaultInterruptHandler
                0x0000000000000000        0x2 build/default/debug/mcc_generated_files/src/pin_manager.o
 .text.PORTC_OE_SetInterruptHandler
                0x0000000000000000        0x2 build/default/debug/mcc_generated_files/src/pin_manager.o
 .text.PORTA_PA4_SetInterruptHandler
                0x0000000000000000        0x2 build/default/debug/mcc_generated_files/src/pin_manager.o
 .text.PORTC_IO_PC6_SetInterruptHandler
                0x0000000000000000        0x2 build/default/debug/mcc_generated_files/src/pin_manager.o
 .text.PORTC_LE_SetInterruptHandler
                0x0000000000000000        0x2 build/default/debug/mcc_generated_files/src/pin_manager.o
 .text.PORTA_PA6_SetInterruptHandler
                0x0000000000000000        0x2 build/default/debug/mcc_generated_files/src/pin_manager.o
 .text.PORTA_PA5_SetInterruptHandler
                0x0000000000000000        0x2 build/default/debug/mcc_generated_files/src/pin_manager.o
 .text.PORTA_SS_SetInterruptHandler
                0x0000000000000000        0x2 build/default/debug/mcc_generated_files/src/pin_manager.o
 .text          0x0000000000000000        0x0 build/default/debug/mcc_generated_files/device_config.o
 .data          0x0000000000000000        0x0 build/default/debug/mcc_generated_files/device_config.o
 .bss           0x0000000000000000        0x0 build/default/debug/mcc_generated_files/device_config.o
 .text          0x0000000000000000        0x0 build/default/debug/mcc_generated_files/mcc.o
 .data          0x0000000000000000        0x0 build/default/debug/mcc_generated_files/mcc.o
 .bss           0x0000000000000000        0x0 build/default/debug/mcc_generated_files/mcc.o
 .text          0x0000000000000000        0x0 build/default/debug/main.o
 .data          0x0000000000000000        0x0 build/default/debug/main.o
 .bss           0x0000000000000000        0x0 build/default/debug/main.o
 .text          0x0000000000000000        0x0 c:/program files/microchip/xc8/v2.32/avr/bin/../lib/gcc/avr/5.4.0/avrxmega4/memx-const\libgcc.a(_exit.o)
 .data          0x0000000000000000        0x0 c:/program files/microchip/xc8/v2.32/avr/bin/../lib/gcc/avr/5.4.0/avrxmega4/memx-const\libgcc.a(_exit.o)
 .bss           0x0000000000000000        0x0 c:/program files/microchip/xc8/v2.32/avr/bin/../lib/gcc/avr/5.4.0/avrxmega4/memx-const\libgcc.a(_exit.o)
 .text.libgcc.mul
                0x0000000000000000        0x0 c:/program files/microchip/xc8/v2.32/avr/bin/../lib/gcc/avr/5.4.0/avrxmega4/memx-const\libgcc.a(_exit.o)
 .text.libgcc.div
                0x0000000000000000        0x0 c:/program files/microchip/xc8/v2.32/avr/bin/../lib/gcc/avr/5.4.0/avrxmega4/memx-const\libgcc.a(_exit.o)
 .text.libgcc   0x0000000000000000        0x0 c:/program files/microchip/xc8/v2.32/avr/bin/../lib/gcc/avr/5.4.0/avrxmega4/memx-const\libgcc.a(_exit.o)
 .text.libgcc.prologue
                0x0000000000000000        0x0 c:/program files/microchip/xc8/v2.32/avr/bin/../lib/gcc/avr/5.4.0/avrxmega4/memx-const\libgcc.a(_exit.o)
 .stack.descriptors
                0x0000000000000000       0x13 c:/program files/microchip/xc8/v2.32/avr/bin/../lib/gcc/avr/5.4.0/avrxmega4/memx-const\libgcc.a(_exit.o)
 .text.libgcc.builtins
                0x0000000000000000        0x0 c:/program files/microchip/xc8/v2.32/avr/bin/../lib/gcc/avr/5.4.0/avrxmega4/memx-const\libgcc.a(_exit.o)
 .text.libgcc.fmul
                0x0000000000000000        0x0 c:/program files/microchip/xc8/v2.32/avr/bin/../lib/gcc/avr/5.4.0/avrxmega4/memx-const\libgcc.a(_exit.o)
 .text.libgcc.fixed
                0x0000000000000000        0x0 c:/program files/microchip/xc8/v2.32/avr/bin/../lib/gcc/avr/5.4.0/avrxmega4/memx-const\libgcc.a(_exit.o)
 .text          0x0000000000000000        0x0 c:/program files/microchip/xc8/v2.32/avr/bin/../lib/gcc/avr/5.4.0/avrxmega4/memx-const\libgcc.a(_copy_data.o)
 .data          0x0000000000000000        0x0 c:/program files/microchip/xc8/v2.32/avr/bin/../lib/gcc/avr/5.4.0/avrxmega4/memx-const\libgcc.a(_copy_data.o)
 .bss           0x0000000000000000        0x0 c:/program files/microchip/xc8/v2.32/avr/bin/../lib/gcc/avr/5.4.0/avrxmega4/memx-const\libgcc.a(_copy_data.o)
 .text.libgcc.mul
                0x0000000000000000        0x0 c:/program files/microchip/xc8/v2.32/avr/bin/../lib/gcc/avr/5.4.0/avrxmega4/memx-const\libgcc.a(_copy_data.o)
 .text.libgcc.div
                0x0000000000000000        0x0 c:/program files/microchip/xc8/v2.32/avr/bin/../lib/gcc/avr/5.4.0/avrxmega4/memx-const\libgcc.a(_copy_data.o)
 .text.libgcc   0x0000000000000000        0x0 c:/program files/microchip/xc8/v2.32/avr/bin/../lib/gcc/avr/5.4.0/avrxmega4/memx-const\libgcc.a(_copy_data.o)
 .text.libgcc.prologue
                0x0000000000000000        0x0 c:/program files/microchip/xc8/v2.32/avr/bin/../lib/gcc/avr/5.4.0/avrxmega4/memx-const\libgcc.a(_copy_data.o)
 .text.libgcc.builtins
                0x0000000000000000        0x0 c:/program files/microchip/xc8/v2.32/avr/bin/../lib/gcc/avr/5.4.0/avrxmega4/memx-const\libgcc.a(_copy_data.o)
 .text.libgcc.fmul
                0x0000000000000000        0x0 c:/program files/microchip/xc8/v2.32/avr/bin/../lib/gcc/avr/5.4.0/avrxmega4/memx-const\libgcc.a(_copy_data.o)
 .text.libgcc.fixed
                0x0000000000000000        0x0 c:/program files/microchip/xc8/v2.32/avr/bin/../lib/gcc/avr/5.4.0/avrxmega4/memx-const\libgcc.a(_copy_data.o)

Memory Configuration

Name             Origin             Length             Attributes
text             0x0000000000000000 0x0000000000020000 xr
data             0x0000000000804000 0x0000000000004000 rw !x
eeprom           0x0000000000810000 0x0000000000000200 rw !x
fuse             0x0000000000820000 0x0000000000000010 rw !x
lock             0x0000000000830000 0x0000000000000400 rw !x
signature        0x0000000000840000 0x0000000000000400 rw !x
user_signatures  0x0000000000850000 0x0000000000000400 rw !x
*default*        0x0000000000000000 0xffffffffffffffff

Linker script and memory map

Address of section .data set to 0x804000
                0x0000000000008000                __RODATA_PM_OFFSET__ = 0x8000
LOAD C:/Program Files/Microchip/xc8/v2.32/dfp/xc8/avr/lib/avrxmega4/memx-const/crtavr128da48.o
                0x0000000000000001                __MPLAB_BUILD = 0x1
LOAD build/default/debug/mcc_generated_files/src/spi0.o
LOAD build/default/debug/mcc_generated_files/src/cpuint.o
LOAD build/default/debug/mcc_generated_files/src/protected_io.o
LOAD build/default/debug/mcc_generated_files/src/pin_manager.o
LOAD build/default/debug/mcc_generated_files/device_config.o
LOAD build/default/debug/mcc_generated_files/mcc.o
LOAD build/default/debug/main.o
START GROUP
LOAD c:/program files/microchip/xc8/v2.32/avr/bin/../lib/gcc/avr/5.4.0/../../../../avr/lib/avrxmega4/memx-const\libm.a
END GROUP
                0x0000000000000001                __MPLAB_DEBUG = 0x1
                0x0000000000000001                __DEBUG = 0x1
START GROUP
LOAD c:/program files/microchip/xc8/v2.32/avr/bin/../lib/gcc/avr/5.4.0/avrxmega4/memx-const\libgcc.a
LOAD c:/program files/microchip/xc8/v2.32/avr/bin/../lib/gcc/avr/5.4.0/../../../../avr/lib/avrxmega4/memx-const\libm.a
LOAD c:/program files/microchip/xc8/v2.32/avr/bin/../lib/gcc/avr/5.4.0/../../../../avr/lib/avrxmega4/memx-const\libc.a
LOAD C:/Program Files/Microchip/xc8/v2.32/dfp/xc8/avr/lib/avrxmega4/memx-const\libavr128da48.a
END GROUP
                [0x0000000000000000]                __TEXT_REGION_ORIGIN__ = DEFINED (__TEXT_REGION_ORIGIN__)?__TEXT_REGION_ORIGIN__:0x0
                [0x0000000000804000]                __DATA_REGION_ORIGIN__ = DEFINED (__DATA_REGION_ORIGIN__)?__DATA_REGION_ORIGIN__:0x802000
                [0x0000000000020000]                __TEXT_REGION_LENGTH__ = DEFINED (__TEXT_REGION_LENGTH__)?__TEXT_REGION_LENGTH__:0x100000
                [0x0000000000004000]                __DATA_REGION_LENGTH__ = DEFINED (__DATA_REGION_LENGTH__)?__DATA_REGION_LENGTH__:0xffa0
                [0x0000000000000200]                __EEPROM_REGION_LENGTH__ = DEFINED (__EEPROM_REGION_LENGTH__)?__EEPROM_REGION_LENGTH__:0x10000
                [0x0000000000000010]                __FUSE_REGION_LENGTH__ = DEFINED (__FUSE_REGION_LENGTH__)?__FUSE_REGION_LENGTH__:0x400
                0x0000000000000400                __LOCK_REGION_LENGTH__ = DEFINED (__LOCK_REGION_LENGTH__)?__LOCK_REGION_LENGTH__:0x400
                0x0000000000000400                __SIGNATURE_REGION_LENGTH__ = DEFINED (__SIGNATURE_REGION_LENGTH__)?__SIGNATURE_REGION_LENGTH__:0x400
                0x0000000000000400                __USER_SIGNATURE_REGION_LENGTH__ = DEFINED (__USER_SIGNATURE_REGION_LENGTH__)?__USER_SIGNATURE_REGION_LENGTH__:0x400

.hash
 *(.hash)

.dynsym
 *(.dynsym)

.dynstr
 *(.dynstr)

.gnu.version
 *(.gnu.version)

.gnu.version_d
 *(.gnu.version_d)

.gnu.version_r
 *(.gnu.version_r)

.rel.init
 *(.rel.init)

.rela.init
 *(.rela.init)

.rel.text
 *(.rel.text)
 *(.rel.text.*)
 *(.rel.gnu.linkonce.t*)

.rela.text
 *(.rela.text)
 *(.rela.text.*)
 *(.rela.gnu.linkonce.t*)

.rel.fini
 *(.rel.fini)

.rela.fini
 *(.rela.fini)

.rel.rodata
 *(.rel.rodata)
 *(.rel.rodata.*)
 *(.rel.gnu.linkonce.r*)

.rela.rodata
 *(.rela.rodata)
 *(.rela.rodata.*)
 *(.rela.gnu.linkonce.r*)

.rel.data
 *(.rel.data)
 *(.rel.data.*)
 *(.rel.gnu.linkonce.d*)

.rela.data
 *(.rela.data)
 *(.rela.data.*)
 *(.rela.gnu.linkonce.d*)

.rel.ctors
 *(.rel.ctors)

.rela.ctors
 *(.rela.ctors)

.rel.dtors
 *(.rel.dtors)

.rela.dtors
 *(.rela.dtors)

.rel.got
 *(.rel.got)

.rela.got
 *(.rela.got)

.rel.bss
 *(.rel.bss)

.rela.bss
 *(.rela.bss)

.rel.plt
 *(.rel.plt)

.rela.plt
 *(.rela.plt)

.text           0x0000000000000000      0x158
 *(.vectors)
 .vectors       0x0000000000000000       0xe8 C:/Program Files/Microchip/xc8/v2.32/dfp/xc8/avr/lib/avrxmega4/memx-const/crtavr128da48.o
                0x0000000000000000                __vector_default
                0x0000000000000000                __vectors
 *(.vectors)
 *(.progmem.gcc*)
 *(.dinit)
 .dinit         0x00000000000000e8       0x18 data_init
                0x0000000000000100                . = ALIGN (0x2)
                0x0000000000000100                __trampolines_start = .
 *(.trampolines)
 .trampolines   0x0000000000000100        0x0 linker stubs
 *(.trampolines*)
                0x0000000000000100                __trampolines_end = .
 *libprintf_flt.a:*(.progmem.data)
 *libc.a:*(.progmem.data)
                0x0000000000000100                . = ALIGN (0x2)
 *(.jumptables)
 *(.jumptables*)
 *(.lowtext)
 *(.lowtext*)
                0x0000000000000100                __ctors_start = .
 *(.ctors)
                0x0000000000000100                __ctors_end = .
                0x0000000000000100                __dtors_start = .
 *(.dtors)
                0x0000000000000100                __dtors_end = .
 SORT(*)(.ctors)
 SORT(*)(.dtors)
 *(.init0)
 .init0         0x0000000000000100        0x0 C:/Program Files/Microchip/xc8/v2.32/dfp/xc8/avr/lib/avrxmega4/memx-const/crtavr128da48.o
                0x0000000000000100                __init
 *(.init0)
 *(.init1)
 *(.init1)
 *(.init2)
 .init2         0x0000000000000100        0xc C:/Program Files/Microchip/xc8/v2.32/dfp/xc8/avr/lib/avrxmega4/memx-const/crtavr128da48.o
 *(.init2)
 *(.init3)
 *(.init3)
 *(.init4)
 .init4         0x000000000000010c       0x40 c:/program files/microchip/xc8/v2.32/avr/bin/../lib/gcc/avr/5.4.0/avrxmega4/memx-const\libgcc.a(_copy_data.o)
                0x000000000000010c                __do_copy_data
                0x000000000000013e                __do_clear_bss
 *(.init4)
 *(.init5)
 *(.init5)
 *(.init6)
 *(.init6)
 *(.init7)
 *(.init7)
 *(.init8)
 *(.init8)
 *(.init9)
 .init9         0x000000000000014c        0x8 C:/Program Files/Microchip/xc8/v2.32/dfp/xc8/avr/lib/avrxmega4/memx-const/crtavr128da48.o
 *(.init9)
                0x0000000000000154                . = ALIGN (0x2)
 *(.fini9)
 .fini9         0x0000000000000154        0x0 c:/program files/microchip/xc8/v2.32/avr/bin/../lib/gcc/avr/5.4.0/avrxmega4/memx-const\libgcc.a(_exit.o)
                0x0000000000000154                _exit
                0x0000000000000154                exit
 *(.fini9)
 *(.fini8)
 *(.fini8)
 *(.fini7)
 *(.fini7)
 *(.fini6)
 *(.fini6)
 *(.fini5)
 *(.fini5)
 *(.fini4)
 *(.fini4)
 *(.fini3)
 *(.fini3)
 *(.fini2)
 *(.fini2)
 *(.fini1)
 *(.fini1)
 *(.fini0)
 .fini0         0x0000000000000154        0x4 c:/program files/microchip/xc8/v2.32/avr/bin/../lib/gcc/avr/5.4.0/avrxmega4/memx-const\libgcc.a(_exit.o)
 *(.fini0)
                0x0000000000000158                _etext = .

.data           0x0000000000804000        0x0 load address 0x0000000000000158
                [!provide]                        PROVIDE (__data_start, .)
 *(.gnu.linkonce.d*)
 *(.gnu.linkonce.r*)
                0x0000000000804000                . = ALIGN (0x2)
                0x0000000000804000                _edata = .
                [!provide]                        PROVIDE (__data_end, .)

.bss            0x0000000000804000        0x2
                [!provide]                        PROVIDE (__bss_start, .)
 *(COMMON)
 COMMON         0x0000000000804000        0x2 build/default/debug/main.o
                0x0000000000804000                tar
                0x0000000000804001                var
                [!provide]                        PROVIDE (__bss_end, .)
                0x0000000000000158                __data_load_start = LOADADDR (.data)
                0x0000000000000158                __data_load_end = (__data_load_start + SIZEOF (.data))

.noinit         0x0000000000804002        0x0
                [!provide]                        PROVIDE (__noinit_start, .)
 *(.noinit*)
                [!provide]                        PROVIDE (__noinit_end, .)
                0x0000000000804002                _end = .

.eeprom         0x0000000000810000        0x0
 *(.eeprom*)
                0x0000000000810000                __eeprom_end = .

.fuse           0x0000000000820000        0x9
 *(.fuse)
 .fuse          0x0000000000820000        0x9 build/default/debug/mcc_generated_files/device_config.o
                0x0000000000820000                __fuse
 *(.lfuse)
 *(.hfuse)
 *(.efuse)

.lock
 *(.lock*)

.signature
 *(.signature*)

.user_signatures
 *(.user_signatures*)

.stab
 *(.stab)

.stabstr
 *(.stabstr)

.stab.excl
 *(.stab.excl)

.stab.exclstr
 *(.stab.exclstr)

.stab.index
 *(.stab.index)

.stab.indexstr
 *(.stab.indexstr)

.comment        0x0000000000000000       0x2f
 *(.comment)
 .comment       0x0000000000000000       0x2f build/default/debug/mcc_generated_files/src/spi0.o
                                         0x30 (size before relaxing)
 .comment       0x000000000000002f       0x30 build/default/debug/mcc_generated_files/src/cpuint.o
 .comment       0x000000000000002f       0x30 build/default/debug/mcc_generated_files/src/pin_manager.o
 .comment       0x000000000000002f       0x30 build/default/debug/mcc_generated_files/device_config.o
 .comment       0x000000000000002f       0x30 build/default/debug/mcc_generated_files/mcc.o
 .comment       0x000000000000002f       0x30 build/default/debug/main.o

.stack.descriptors.hdr
                0x0000000000000000        0xe
 .stack.descriptors.hdr
                0x0000000000000000        0xe c:/program files/microchip/xc8/v2.32/avr/bin/../lib/gcc/avr/5.4.0/avrxmega4/memx-const\libgcc.a(_exit.o)

.note.gnu.build-id
 *(.note.gnu.build-id)

.debug
 *(.debug)

.line
 *(.line)

.debug_srcinfo
 *(.debug_srcinfo)

.debug_sfnames
 *(.debug_sfnames)

.debug_aranges  0x0000000000000000      0x208
 *(.debug_aranges)
 .debug_aranges
                0x0000000000000000       0x98 build/default/debug/mcc_generated_files/src/spi0.o
 .debug_aranges
                0x0000000000000098       0x20 build/default/debug/mcc_generated_files/src/cpuint.o
 .debug_aranges
                0x00000000000000b8       0x20 build/default/debug/mcc_generated_files/src/protected_io.o
 .debug_aranges
                0x00000000000000d8       0x98 build/default/debug/mcc_generated_files/src/pin_manager.o
 .debug_aranges
                0x0000000000000170       0x18 build/default/debug/mcc_generated_files/device_config.o
 .debug_aranges
                0x0000000000000188       0x48 build/default/debug/mcc_generated_files/mcc.o
 .debug_aranges
                0x00000000000001d0       0x38 build/default/debug/main.o

.debug_pubnames
 *(.debug_pubnames)

.debug_info     0x0000000000000000     0x5ba1
 *(.debug_info .gnu.linkonce.wi.*)
 .debug_info    0x0000000000000000     0x2c24 C:/Program Files/Microchip/xc8/v2.32/dfp/xc8/avr/lib/avrxmega4/memx-const/crtavr128da48.o
 .debug_info    0x0000000000002c24      0x78c build/default/debug/mcc_generated_files/src/spi0.o
 .debug_info    0x00000000000033b0      0x3c0 build/default/debug/mcc_generated_files/src/cpuint.o
 .debug_info    0x0000000000003770       0x90 build/default/debug/mcc_generated_files/src/protected_io.o
 .debug_info    0x0000000000003800      0xb30 build/default/debug/mcc_generated_files/src/pin_manager.o
 .debug_info    0x0000000000004330      0x829 build/default/debug/mcc_generated_files/device_config.o
 .debug_info    0x0000000000004b59      0x99d build/default/debug/mcc_generated_files/mcc.o
 .debug_info    0x00000000000054f6      0x6ab build/default/debug/main.o

.debug_abbrev   0x0000000000000000     0x31c9
 *(.debug_abbrev)
 .debug_abbrev  0x0000000000000000     0x29ce C:/Program Files/Microchip/xc8/v2.32/dfp/xc8/avr/lib/avrxmega4/memx-const/crtavr128da48.o
 .debug_abbrev  0x00000000000029ce      0x1c4 build/default/debug/mcc_generated_files/src/spi0.o
 .debug_abbrev  0x0000000000002b92       0xfa build/default/debug/mcc_generated_files/src/cpuint.o
 .debug_abbrev  0x0000000000002c8c       0x14 build/default/debug/mcc_generated_files/src/protected_io.o
 .debug_abbrev  0x0000000000002ca0      0x198 build/default/debug/mcc_generated_files/src/pin_manager.o
 .debug_abbrev  0x0000000000002e38       0x97 build/default/debug/mcc_generated_files/device_config.o
 .debug_abbrev  0x0000000000002ecf      0x169 build/default/debug/mcc_generated_files/mcc.o
 .debug_abbrev  0x0000000000003038      0x191 build/default/debug/main.o

.debug_line     0x0000000000000000     0x1107
 *(.debug_line .debug_line.* .debug_line_end)
 .debug_line    0x0000000000000000      0x1f6 C:/Program Files/Microchip/xc8/v2.32/dfp/xc8/avr/lib/avrxmega4/memx-const/crtavr128da48.o
 .debug_line    0x00000000000001f6      0x38f build/default/debug/mcc_generated_files/src/spi0.o
 .debug_line    0x0000000000000585      0x166 build/default/debug/mcc_generated_files/src/cpuint.o
 .debug_line    0x00000000000006eb       0x6c build/default/debug/mcc_generated_files/src/protected_io.o
 .debug_line    0x0000000000000757      0x4ac build/default/debug/mcc_generated_files/src/pin_manager.o
 .debug_line    0x0000000000000c03       0xd1 build/default/debug/mcc_generated_files/device_config.o
 .debug_line    0x0000000000000cd4      0x234 build/default/debug/mcc_generated_files/mcc.o
 .debug_line    0x0000000000000f08      0x1ff build/default/debug/main.o

.debug_frame    0x0000000000000000      0x330
 *(.debug_frame)
 .debug_frame   0x0000000000000000      0x114 build/default/debug/mcc_generated_files/src/spi0.o
 .debug_frame   0x0000000000000114       0x24 build/default/debug/mcc_generated_files/src/cpuint.o
 .debug_frame   0x0000000000000138      0x120 build/default/debug/mcc_generated_files/src/pin_manager.o
 .debug_frame   0x0000000000000258       0x84 build/default/debug/mcc_generated_files/mcc.o
 .debug_frame   0x00000000000002dc       0x54 build/default/debug/main.o

.debug_str      0x0000000000000000     0x13ee
 *(.debug_str)
 .debug_str     0x0000000000000000     0x1320 C:/Program Files/Microchip/xc8/v2.32/dfp/xc8/avr/lib/avrxmega4/memx-const/crtavr128da48.o
 .debug_str     0x0000000000001320       0x17 build/default/debug/mcc_generated_files/src/spi0.o
 .debug_str     0x0000000000001337       0x13 build/default/debug/mcc_generated_files/src/cpuint.o
 .debug_str     0x000000000000134a       0x1c build/default/debug/mcc_generated_files/src/pin_manager.o
 .debug_str     0x0000000000001366        0x0 build/default/debug/mcc_generated_files/device_config.o
 .debug_str     0x0000000000001366       0x62 build/default/debug/mcc_generated_files/mcc.o
 .debug_str     0x00000000000013c8       0x26 build/default/debug/main.o

.debug_loc      0x0000000000000000      0x520
 *(.debug_loc)
 .debug_loc     0x0000000000000000      0x27a build/default/debug/mcc_generated_files/src/spi0.o
 .debug_loc     0x000000000000027a       0x2a build/default/debug/mcc_generated_files/src/cpuint.o
 .debug_loc     0x00000000000002a4       0x78 build/default/debug/mcc_generated_files/src/pin_manager.o
 .debug_loc     0x000000000000031c      0x19b build/default/debug/mcc_generated_files/mcc.o
 .debug_loc     0x00000000000004b7       0x69 build/default/debug/main.o

.debug_macinfo
 *(.debug_macinfo)

.debug_weaknames
 *(.debug_weaknames)

.debug_funcnames
 *(.debug_funcnames)

.debug_typenames
 *(.debug_typenames)

.debug_varnames
 *(.debug_varnames)

.debug_pubtypes
 *(.debug_pubtypes)

.debug_ranges   0x0000000000000000      0x180
 *(.debug_ranges)
 .debug_ranges  0x0000000000000000       0x88 build/default/debug/mcc_generated_files/src/spi0.o
 .debug_ranges  0x0000000000000088       0x10 build/default/debug/mcc_generated_files/src/cpuint.o
 .debug_ranges  0x0000000000000098       0x88 build/default/debug/mcc_generated_files/src/pin_manager.o
 .debug_ranges  0x0000000000000120       0x38 build/default/debug/mcc_generated_files/mcc.o
 .debug_ranges  0x0000000000000158       0x28 build/default/debug/main.o

.debug_macro
 *(.debug_macro)
OUTPUT(dist/default/debug/L16B45A.X.debug.elf elf32-avr)
LOAD linker stubs
LOAD data_init

.note.gnu.avr.deviceinfo
                0x0000000000000000       0x40
 .note.gnu.avr.deviceinfo
                0x0000000000000000       0x40 C:/Program Files/Microchip/xc8/v2.32/dfp/xc8/avr/lib/avrxmega4/memx-const/crtavr128da48.o

.bss.spi0_desc  0x0000000000804004        0x1
 .bss.spi0_desc
                0x0000000000804004        0x1 build/default/debug/mcc_generated_files/src/spi0.o

.text.PIN_MANAGER_Initialize
                0x0000000000000158      0x13e
 .text.PIN_MANAGER_Initialize
                0x0000000000000158      0x13e build/default/debug/mcc_generated_files/src/pin_manager.o
                0x0000000000000158                PIN_MANAGER_Initialize

.text.main      0x0000000000000296       0xa4
 .text.main     0x0000000000000296       0xa4 build/default/debug/main.o
                0x0000000000000296                main

.text.PORT_Initialize
                0x000000000000033a       0x6e
 .text.PORT_Initialize
                0x000000000000033a       0x6e build/default/debug/mcc_generated_files/src/pin_manager.o
                0x000000000000033a                PORT_Initialize

.text.CLKCTRL_Initialize
                0x00000000000003a8       0x58
 .text.CLKCTRL_Initialize
                0x00000000000003a8       0x58 build/default/debug/mcc_generated_files/mcc.o
                0x00000000000003a8                CLKCTRL_Initialize

.text.mensagem  0x0000000000000400       0x2e
 .text.mensagem
                0x0000000000000400       0x2e build/default/debug/main.o
                0x0000000000000400                mensagem

.text.__vector_2
                0x000000000000042e       0x1e
 .text.__vector_2
                0x000000000000042e       0x1e build/default/debug/mcc_generated_files/mcc.o
                0x000000000000042e                __vector_2

.text.SYSTEM_Initialize
                0x000000000000044c       0x1e
 .text.SYSTEM_Initialize
                0x000000000000044c       0x1e build/default/debug/mcc_generated_files/mcc.o
                0x000000000000044c                SYSTEM_Initialize

.text.CPUINT_Initialize
                0x000000000000046a       0x18
 .text.CPUINT_Initialize
                0x000000000000046a       0x18 build/default/debug/mcc_generated_files/src/cpuint.o
                0x000000000000046a                CPUINT_Initialize

.text.BOD_Initialize
                0x0000000000000482       0x18
 .text.BOD_Initialize
                0x0000000000000482       0x18 build/default/debug/mcc_generated_files/mcc.o
                0x0000000000000482                BOD_Initialize

.text.SPI0_Initialize
                0x000000000000049a       0x16
 .text.SPI0_Initialize
                0x000000000000049a       0x16 build/default/debug/mcc_generated_files/src/spi0.o
                0x000000000000049a                SPI0_Initialize

.text.SLPCTRL_Initialize
                0x00000000000004b0       0x10
 .text.SLPCTRL_Initialize
                0x00000000000004b0       0x10 build/default/debug/mcc_generated_files/mcc.o
                0x00000000000004b0                SLPCTRL_Initialize

.text.WDT_Initialize
                0x00000000000004c0       0x10
 .text.WDT_Initialize
                0x00000000000004c0       0x10 build/default/debug/mcc_generated_files/mcc.o
                0x00000000000004c0                WDT_Initialize

.text.slaveSelect
                0x00000000000004d0        0xc
 .text.slaveSelect
                0x00000000000004d0        0xc build/default/debug/main.o
                0x00000000000004d0                slaveSelect

.text.slaveDeselect
                0x00000000000004dc        0xc
 .text.slaveDeselect
                0x00000000000004dc        0xc build/default/debug/main.o
                0x00000000000004dc                slaveDeselect

.text.protected_write_io
                0x00000000000004e8        0xa
 .text.protected_write_io
                0x00000000000004e8        0xa build/default/debug/mcc_generated_files/src/protected_io.o
                0x00000000000004e8                protected_write_io

.text           0x00000000000004f2        0x4
 .text          0x00000000000004f2        0x4 C:/Program Files/Microchip/xc8/v2.32/dfp/xc8/avr/lib/avrxmega4/memx-const/crtavr128da48.o
                0x00000000000004f2                __vector_38
                0x00000000000004f2                __vector_22
                0x00000000000004f2                __vector_28
                0x00000000000004f2                __vector_1
                0x00000000000004f2                __vector_32
                0x00000000000004f2                __vector_34
                0x00000000000004f2                __vector_24
                0x00000000000004f2                __vector_12
                0x00000000000004f2                __vector_55
                0x00000000000004f2                __vector_46
                0x00000000000004f2                __bad_interrupt
                0x00000000000004f2                __vector_6
                0x00000000000004f2                __vector_31
                0x00000000000004f2                __vector_35
                0x00000000000004f2                __vector_39
                0x00000000000004f2                __vector_3
                0x00000000000004f2                __vector_23
                0x00000000000004f2                __vector_30
                0x00000000000004f2                __vector_45
                0x00000000000004f2                __vector_25
                0x00000000000004f2                __vector_11
                0x00000000000004f2                __vector_54
                0x00000000000004f2                __vector_13
                0x00000000000004f2                __vector_17
                0x00000000000004f2                __vector_19
                0x00000000000004f2                __vector_56
                0x00000000000004f2                __vector_7
                0x00000000000004f2                __vector_49
                0x00000000000004f2                __vector_41
                0x00000000000004f2                __vector_43
                0x00000000000004f2                __vector_27
                0x00000000000004f2                __vector_5
                0x00000000000004f2                __vector_33
                0x00000000000004f2                __vector_47
                0x00000000000004f2                __vector_52
                0x00000000000004f2                __vector_37
                0x00000000000004f2                __vector_4
                0x00000000000004f2                __vector_44
                0x00000000000004f2                __vector_51
                0x00000000000004f2                __vector_9
                0x00000000000004f2                __vector_21
                0x00000000000004f2                __vector_15
                0x00000000000004f2                __vector_36
                0x00000000000004f2                __vector_29
                0x00000000000004f2                __vector_40
                0x00000000000004f2                __vector_8
                0x00000000000004f2                __vector_26
                0x00000000000004f2                __vector_48
                0x00000000000004f2                __vector_14
                0x00000000000004f2                __vector_57
                0x00000000000004f2                __vector_53
                0x00000000000004f2                __vector_10
                0x00000000000004f2                __vector_50
                0x00000000000004f2                __vector_16
                0x00000000000004f2                __vector_18
                0x00000000000004f2                __vector_20
                0x00000000000004f2                __vector_42

.data.i         0x0000000000804002        0x2 load address 0x00000000000004f6
 .data.i        0x0000000000804002        0x2 build/default/debug/main.o
                0x0000000000804002                i

.data.first_time
                0x0000000000804005        0x1 load address 0x00000000000004f8
 .data.first_time
                0x0000000000804005        0x1 build/default/debug/main.o
                0x0000000000804005                first_time
